// Jest Snapshot v1, https://goo.gl/fbAQLP

exports[`Item B match snapshot 1`] = `
<ItemB>
  <styled.div
    style={null}
  >
    <div
      className="sc-AykKG ebtpJe"
      style={null}
    >
      <styled.div>
        <div
          className="sc-AykKH bOtgDz"
        >
          <ContentDetail>
            <styled.div>
              <div
                className="sc-AykKC ctRmSy"
              >
                <styled.div>
                  <div
                    className="sc-AykKD cCRaZj"
                  />
                </styled.div>
                <Styled(styled.div)>
                  <div
                    className="sc-AykKD sc-AykKE jTrkiM"
                  />
                </Styled(styled.div)>
                <Styled(styled.div)>
                  <div
                    className="sc-AykKD sc-AykKF frZAto"
                  />
                </Styled(styled.div)>
              </div>
            </styled.div>
          </ContentDetail>
        </div>
      </styled.div>
    </div>
  </styled.div>
</ItemB>
`;
